============================= test session starts =============================
platform win32 -- Python 3.9.13, pytest-8.4.2, pluggy-1.6.0
rootdir: C:\Users\ADRIANO\AIDA
configfile: pyproject.toml
plugins: anyio-4.12.1, langsmith-0.4.37, asyncio-1.2.0
asyncio: mode=auto, debug=False, asyncio_default_fixture_loop_scope=None, asyncio_default_test_loop_scope=function
collected 123 items

tests\integration\test_api.py ...........                                [  8%]
tests\unit\agents\test_base_agent.py ....................                [ 25%]
tests\unit\agents\test_delegation.py ............                        [ 34%]
tests\unit\agents\test_factory.py ..........                             [ 43%]
tests\unit\agents\test_meetings.py ...........                           [ 52%]
tests\unit\core\test_config.py .......                                   [ 57%]
tests\unit\core\test_exceptions.py .....                                 [ 61%]
tests\unit\core\test_message_bus.py ...........                          [ 70%]
tests\unit\core\test_router.py .............                             [ 81%]
tests\unit\core\test_tools.py .............                              [ 91%]
tests\unit\core\test_types.py ..........                                 [100%]

============================= 123 passed in 1.94s =============================
